FROM httpd:2.4  
 COPY ./ /usr/local/apache2/htdocs/ 
 RUN ["apt-get", "update"]  
 RUN ["apt-get", "install", "-y", "vim"] 
  
 docker build .  
 docker build -t apache-docker . --> coloca uma tag para melhot identificação 
  docker run -dit --name NOME_BATISMO_CONTAINER -p 80:80 NOME_IMAGEM  
  docker stop ID_CONTAINER  
  docker start ID_CONTAINER  
  
  
  
 @joseivangeraldo ➜ /workspaces/html_css/ServerApache (main) $ git init 
 Initialized empty Git repository in /workspaces/html_css/ServerApache/.git/ 
 @joseivangeraldo ➜ /workspaces/html_css/ServerApache (main) $ git checkout 
 fatal: You are on a branch yet to be born 
 @joseivangeraldo ➜ /workspaces/html_css/ServerApache (main) $ git status 
 On branch main 
  
 No commits yet 
  
 Untracked files: 
   (use "git add <file>..." to include in what will be committed) 
         Dockerfile 
         index.html 
  
 nothing added to commit but untracked files present (use "git add" to track) 
 @joseivangeraldo ➜ /workspaces/html_css/ServerApache (main) $ git add . 
 @joseivangeraldo ➜ /workspaces/html_css/ServerApache (main) $ git commit -a -m "nova demanda" 
 @joseivangeraldo ➜ /workspaces/html_css/ServerApache (main) $ git push 
 @joseivangeraldo ➜ /workspaces/html_css (main) $ git init 
 @joseivangeraldo ➜ /workspaces/html_css (main) $ git add . 
  
 @joseivangeraldo ➜ /workspaces/html_css (main) $ git pull 
 @joseivangeraldo ➜ /workspaces/html_css (main) $ git init 
 @joseivangeraldo ➜ /workspaces/html_css (main) $ git add . 
 @joseivangeraldo ➜ /workspaces/html_css (main) $ git push 
 @joseivangeraldo ➜ /workspaces/html_css (main) $ git merge main 
  
 @joseivangeraldo ➜ /workspaces/html_css (main) $ git remote add origin https://github.com/joseivangeraldo/html_css.git 
 @joseivangeraldo ➜ /workspaces/html_css (main) $ git branch -M main 
 @joseivangeraldo ➜ /workspaces/html_css (main) $ git push -u origin main 
  
 @joseivangeraldo ➜ /workspaces/html_css (main) $ git add . 
 @joseivangeraldo ➜ /workspaces/html_css (main) $ git status 
 @joseivangeraldo ➜ /workspaces/html_css (main) $ git restore --staged ServerApache 
 @joseivangeraldo ➜ /workspaces/html_css (main) $ git restore --staged anotacoes.txt 
 @joseivangeraldo ➜ /workspaces/html_css (main) $ git status 
  
 @joseivangeraldo ➜ /workspaces/html_css (main) $ git add . 
 @joseivangeraldo ➜ /workspaces/html_css (main) $ git status 
 @joseivangeraldo ➜ /workspaces/html_css (main) $ git commit -a -m "Demanda" 
 @joseivangeraldo ➜ /workspaces/html_css (main) $ git status 
 @joseivangeraldo ➜ /workspaces/html_css (main) $ git push 
  
 https://docs.docker.com/develop/develop-images/dockerfile_best-practices/ 
 https://phoenixnap.com/kb/how-to-commit-changes-to-docker-image 
  
 Step 4: Commit Changes to Image 
 Finally, create a new image by committing the changes using the following syntax: 
  
 sudo docker commit [CONTAINER_ID] [new_image_name] 
  
 Therefore, in our example it will be: 
  
 sudo docker commit deddd39fa163 ubuntu-nmap 
  
 Where deddd39fa163 is the CONTAINER ID and ubuntu-nmap is the name of the new image. 
  
 docker command to commit changes to image 
  
 Your newly created image should now be available on the list of local images. You can verify by checking the image list again: 
  
 sudo docker images 
  
 @joseivangeraldo ➜ /workspaces/html_css (main) $ docker ps 
 @joseivangeraldo ➜ /workspaces/html_css (main) $ docker commit 1e936a216edd apache-1.0 
  
 @joseivangeraldo ➜ /workspaces/html_css (main) $ docker images 
 REPOSITORY      TAG       IMAGE ID       CREATED         SIZE 
 apache-1.0      latest    f6c07e87a702   8 seconds ago   199MB 
 apache-docker   latest    d0b5d542ef58   14 hours ago    199MB 
 @joseivangeraldo ➜ /workspaces/html_css (main) $ 
  
 @joseivangeraldo ➜ /workspaces/html_css (main) $ docker ps -a 
 CONTAINER ID   IMAGE          COMMAND              CREATED        STATUS                          PORTS     NAMES 
 1e936a216edd   d0b5d542ef58   "httpd-foreground"   13 hours ago   Exited (0) About a minute ago             apache-docker 
 @joseivangeraldo ➜ /workspaces/html_css (main) $ docker rm 1e936a216edd 
 1e936a216edd